asn1write.c:41:5:asn1_write_len	8	static
asn1write.c:74:5:asn1_write_tag	12	static
asn1write.c:84:5:asn1_write_raw_buffer	48	static
asn1write.c:100:5:asn1_write_mpi	48	static
asn1write.c:137:5:asn1_write_null	36	static
asn1write.c:150:5:asn1_write_oid	48	static
asn1write.c:164:5:asn1_write_algorithm_identifier	48	static
asn1write.c:185:5:asn1_write_bool	36	static
asn1write.c:202:5:asn1_write_int	36	static
asn1write.c:232:5:asn1_write_printable_string	48	static
asn1write.c:247:5:asn1_write_ia5_string	48	static
asn1write.c:262:5:asn1_write_bitstring	48	static
asn1write.c:289:5:asn1_write_octet_string	48	static
asn1write.c:303:18:asn1_store_named_data	48	static
