bignum.c:52:13:polarssl_zeroize	24	static
bignum.c:69:6:mpi_init	8	static
bignum.c:82:6:mpi_free	32	static
bignum.c:101:5:mpi_grow	48	static
bignum.c:133:5:mpi_shrink	48	static
bignum.c:171:5:mpi_copy	48	static
bignum.c:205:6:mpi_swap	48	static
bignum.c:219:5:mpi_safe_cond_assign	64	static
bignum.c:247:5:mpi_safe_cond_swap	64	static
bignum.c:281:5:mpi_lset	48	static
bignum.c:299:5:mpi_get_bit	12	static
bignum.c:310:5:mpi_set_bit	80	static
bignum.c:338:8:mpi_lsb	28	static
bignum.c:353:8:mpi_msb	28	static
bignum.c:371:8:mpi_size	12	static
bignum.c:379:12:mpi_get_digit	12	static
bignum.c:396:5:mpi_read_string	96	static
bignum.c:465:12:mpi_write_hlp	48	static
bignum.c:492:5:mpi_write_string	80	static
bignum.c:563:5:mpi_read_file	2528	static
bignum.c:596:5:mpi_write_file	2544	static
bignum.c:637:5:mpi_read_binary	64	static
bignum.c:660:5:mpi_write_binary	48	static
bignum.c:680:5:mpi_shift_l	64	static
bignum.c:730:5:mpi_shift_r	64	static
bignum.c:773:5:mpi_cmp_abs	24	static
bignum.c:803:5:mpi_cmp_mpi	24	static
bignum.c:836:5:mpi_cmp_int	32	static
bignum.c:852:5:mpi_add_abs	64	static
bignum.c:904:13:mpi_sub_hlp	24	static
bignum.c:925:5:mpi_sub_abs	64	static
bignum.c:968:5:mpi_add_mpi	48	static
bignum.c:999:5:mpi_sub_mpi	48	static
bignum.c:1030:5:mpi_add_int	48	static
bignum.c:1046:5:mpi_sub_int	48	static
bignum.c:1070:6:mpi_mul_hlp	32	static
bignum.c:1134:5:mpi_mul_mpi	80	static
bignum.c:1171:5:mpi_mul_int	48	static
bignum.c:1187:5:mpi_div_mpi	128	static
bignum.c:1361:5:mpi_div_int	48	static
bignum.c:1377:5:mpi_mod_mpi	48	static
bignum.c:1400:5:mpi_mod_int	28	static
bignum.c:1457:13:mpi_montg_init	24	static
bignum.c:1474:13:mpi_montmul	64	static
bignum.c:1512:13:mpi_montred	64	static
bignum.c:1526:5:mpi_exp_mod	1680	static
bignum.c:1734:5:mpi_gcd	80	static
bignum.c:1790:5:mpi_fill_random	1072	static
bignum.c:1810:5:mpi_inv_mod	144	static
bignum.c:1938:12:mpi_check_small_factors	36	static
bignum.c:1965:12:mpi_miller_rabin	128	static
bignum.c:2052:5:mpi_is_prime	48	static
bignum.c:2084:5:mpi_gen_prime	64	static
bignum.c:2185:5:mpi_self_test	144	static
