cipher.h:381:28:cipher_get_block_size	8	static
cipher.h:415:19:cipher_get_iv_size	8	static
cipher.c:58:13:polarssl_zeroize	24	static
cipher.c:64:12:cipher_list	24	static
cipher.c:85:22:cipher_info_from_type	24	static
cipher.c:96:22:cipher_info_from_string	48	static
cipher.c:110:22:cipher_info_from_values	24	static
cipher.c:125:6:cipher_init	32	static
cipher.c:130:6:cipher_free	32	static
cipher.c:141:5:cipher_init_ctx	32	static
cipher.c:168:5:cipher_free_ctx	32	static
cipher.c:175:5:cipher_setkey	32	static
cipher.c:208:5:cipher_set_iv	48	static
cipher.c:237:5:cipher_reset	8	static
cipher.c:248:5:cipher_update_ad	48	static
cipher.c:264:5:cipher_update	96	static
cipher.c:441:13:add_pkcs_padding	24	static
cipher.c:451:12:get_pkcs_padding	24	static
cipher.c:481:13:add_one_and_zeros_padding	24	static
cipher.c:492:12:get_one_and_zeros_padding	24	static
cipher.c:520:13:add_zeros_and_len_padding	24	static
cipher.c:531:12:get_zeros_and_len_padding	24	static
cipher.c:560:13:add_zeros_padding	24	static
cipher.c:569:12:get_zeros_padding	24	static
cipher.c:596:12:get_no_padding	8	static
cipher.c:608:5:cipher_finish	96	static
cipher.c:688:5:cipher_set_padding_mode	8	static
cipher.c:736:5:cipher_write_tag	32	static
cipher.c:751:5:cipher_check_tag	64	static
cipher.c:794:5:cipher_crypt	64	static
cipher.c:823:5:cipher_auth_encrypt	64	static
cipher.c:855:5:cipher_auth_decrypt	80	static
cipher.c:905:5:cipher_self_test	8	static
