ecp.c:78:13:polarssl_zeroize	24	static
ecp.c:177:23:ecp_curve_list	8	static
ecp.c:185:21:ecp_grp_id_list	24	static
ecp.c:211:23:ecp_curve_info_from_grp_id	24	static
ecp.c:229:23:ecp_curve_info_from_tls_id	28	static
ecp.c:247:23:ecp_curve_info_from_name	48	static
ecp.c:265:30:ecp_get_type	8	static
ecp.c:279:6:ecp_point_init	32	static
ecp.c:292:6:ecp_group_init	32	static
ecp.c:303:6:ecp_keypair_init	32	static
ecp.c:316:6:ecp_point_free	32	static
ecp.c:329:6:ecp_group_free	48	static
ecp.c:358:6:ecp_keypair_free	32	static
ecp.c:371:5:ecp_copy	48	static
ecp.c:386:5:ecp_group_copy	32	static
ecp.c:394:5:ecp_set_zero	48	static
ecp.c:409:5:ecp_is_zero	32	static
ecp.c:417:5:ecp_point_read_string	48	static
ecp.c:433:5:ecp_point_write_binary	48	static
ecp.c:489:5:ecp_point_read_binary	48	static
ecp.c:528:5:ecp_tls_read_point	48	static
ecp.c:559:5:ecp_tls_write_point	64	static
ecp.c:587:5:ecp_group_read_string	48	static
ecp.c:611:5:ecp_tls_read_group	48	static
ecp.c:644:5:ecp_tls_write_group	28	static
ecp.c:679:12:ecp_modp	48	static
ecp.c:759:12:ecp_normalize_jac	64	static
ecp.c:805:12:ecp_normalize_jac_many	80	static
ecp.c:888:12:ecp_safe_invert_jac	80	static
ecp.c:919:12:ecp_double_jac	112	static
ecp.c:998:12:ecp_add_mixed	128	static
ecp.c:1076:5:ecp_add	48	static
ecp.c:1094:5:ecp_sub	80	static
ecp.c:1126:12:ecp_randomize_jac	80	static
ecp.c:1199:13:ecp_comb_fixed	80	static
ecp.c:1239:12:ecp_precompute_comb	192	static
ecp.c:1291:12:ecp_select_comb	64	static
ecp.c:1321:12:ecp_mul_comb_core	112	static
ecp.c:1357:12:ecp_mul_comb	384	static
ecp.c:1491:12:ecp_normalize_mxz	48	static
ecp.c:1511:12:ecp_randomize_mxz	64	static
ecp.c:1558:12:ecp_double_add_mxz	144	static
ecp.c:1601:12:ecp_mul_mxz	112	static
ecp.c:1662:5:ecp_mul	64	static
ecp.c:1692:12:ecp_check_pubkey_sw	64	static
ecp.c:1742:12:ecp_check_pubkey_mx	32	static
ecp.c:1755:5:ecp_check_pubkey	32	static
ecp.c:1775:5:ecp_check_privkey	32	static
ecp.c:1808:5:ecp_gen_keypair	144	static
ecp.c:1886:5:ecp_gen_key	64	static
ecp.c:1900:5:ecp_check_pub_priv	224	static
ecp.c:1944:5:ecp_self_test	320	static
