ecp_curves.c:583:20:ecp_mpi_load	8	static
ecp_curves.c:593:20:ecp_mpi_set1	8	static
ecp_curves.c:604:12:ecp_group_load	32	static
ecp_curves.c:687:12:ecp_use_curve25519	48	static
ecp_curves.c:720:5:ecp_use_known_dp	80	static
ecp_curves.c:828:20:add64	24	static
ecp_curves.c:841:20:carry64	24	static
ecp_curves.c:860:12:ecp_mod_p192	48	static
ecp_curves.c:951:20:add32	8	static
ecp_curves.c:957:20:sub32	8	static
ecp_curves.c:1004:19:fix_negative	64	static
ecp_curves.c:1031:12:ecp_mod_p224	96	static
ecp_curves.c:1052:12:ecp_mod_p256	112	static
ecp_curves.c:1089:12:ecp_mod_p384	128	static
ecp_curves.c:1166:12:ecp_mod_p521	128	static
ecp_curves.c:1215:12:ecp_mod_p255	96	static
ecp_curves.c:1262:19:ecp_mod_koblitz	112	static
ecp_curves.c:1336:12:ecp_mod_p192k1	48	static
ecp_curves.c:1350:12:ecp_mod_p224k1	48	static
ecp_curves.c:1369:12:ecp_mod_p256k1	48	static
