md.c:46:13:polarssl_zeroize	24	static
md.c:85:12:md_list	8	static
md.c:90:18:md_info_from_string	32	static
md.c:131:18:md_info_from_type	8	static
md.c:172:6:md_init	32	static
md.c:177:6:md_free	32	static
md.c:188:5:md_init_ctx	32	static
md.c:205:5:md_free_ctx	32	static
md.c:212:5:md_starts	32	static
md.c:222:5:md_update	32	static
md.c:232:5:md_finish	32	static
md.c:242:5:md	32	static
md.c:253:5:md_file	48	static
md.c:276:5:md_hmac_starts	32	static
md.c:286:5:md_hmac_update	32	static
md.c:296:5:md_hmac_finish	32	static
md.c:306:5:md_hmac_reset	32	static
md.c:316:5:md_hmac	48	static
md.c:328:5:md_process	32	static
