pk.h:281:22:pk_get_len	32	static
pk.c:45:13:polarssl_zeroize	24	static
pk.c:52:6:pk_init	8	static
pk.c:64:6:pk_free	32	static
pk.c:77:19:pk_info_from_type	8	static
pk.c:103:5:pk_init_ctx	16	static
pk.c:119:5:pk_init_ctx_rsa_alt	32	static
pk.c:148:5:pk_can_do	32	static
pk.c:160:19:pk_hashlen_helper	48	static
pk.c:177:5:pk_verify	48	static
pk.c:195:5:pk_verify_ext	80	static
pk.c:248:5:pk_sign	48	static
pk.c:267:5:pk_decrypt	48	static
pk.c:285:5:pk_encrypt	48	static
pk.c:303:5:pk_check_pair	32	static
pk.c:329:8:pk_get_size	32	static
pk.c:340:5:pk_debug	32	static
pk.c:355:14:pk_get_name	8	static
pk.c:366:11:pk_get_type	8	static
