pk_wrap.c:53:13:polarssl_zeroize	24	static
pk_wrap.c:58:12:rsa_can_do	8	static
pk_wrap.c:64:15:rsa_get_size	8	static
pk_wrap.c:69:12:rsa_verify_wrap	64	static
pk_wrap.c:89:12:rsa_sign_wrap	48	static
pk_wrap.c:100:12:rsa_decrypt_wrap	48	static
pk_wrap.c:112:12:rsa_encrypt_wrap	48	static
pk_wrap.c:126:12:rsa_check_pair_wrap	32	static
pk_wrap.c:132:14:rsa_alloc_wrap	48	static
pk_wrap.c:142:13:rsa_free_wrap	32	static
pk_wrap.c:148:13:rsa_debug	8	static
pk_wrap.c:181:12:eckey_can_do	8	static
pk_wrap.c:188:15:eckey_get_size	8	static
pk_wrap.c:204:12:eckey_verify_wrap	256	static
pk_wrap.c:221:12:eckey_sign_wrap	256	static
pk_wrap.c:242:12:eckey_check_pair	32	static
pk_wrap.c:248:14:eckey_alloc_wrap	48	static
pk_wrap.c:258:13:eckey_free_wrap	32	static
pk_wrap.c:264:13:eckey_debug	8	static
pk_wrap.c:294:12:eckeydh_can_do	8	static
pk_wrap.c:317:12:ecdsa_can_do	8	static
pk_wrap.c:322:12:ecdsa_verify_wrap	64	static
pk_wrap.c:338:12:ecdsa_sign_wrap	48	static
pk_wrap.c:358:14:ecdsa_alloc_wrap	48	static
pk_wrap.c:368:13:ecdsa_free_wrap	32	static
pk_wrap.c:394:12:rsa_alt_can_do	8	static
pk_wrap.c:399:15:rsa_alt_get_size	48	static
pk_wrap.c:406:12:rsa_alt_sign_wrap	64	static
pk_wrap.c:419:12:rsa_alt_decrypt_wrap	64	static
pk_wrap.c:437:12:rsa_alt_check_pair	1120	static
pk_wrap.c:466:14:rsa_alt_alloc_wrap	48	static
pk_wrap.c:476:13:rsa_alt_free_wrap	32	static
