ripemd160.c:77:13:polarssl_zeroize	24	static
ripemd160.c:81:6:ripemd160_init	32	static
ripemd160.c:86:6:ripemd160_free	16	static
ripemd160.c:97:6:ripemd160_starts	8	static
ripemd160.c:112:6:ripemd160_process	120	static
ripemd160.c:292:6:ripemd160_update	48	static
ripemd160.c:343:6:ripemd160_finish	64	static
ripemd160.c:372:6:ripemd160	256	static
ripemd160.c:388:5:ripemd160_file	1296	static
ripemd160.c:421:6:ripemd160_hmac_starts	64	static
ripemd160.c:452:6:ripemd160_hmac_update	32	static
ripemd160.c:461:6:ripemd160_hmac_finish	64	static
ripemd160.c:477:6:ripemd160_hmac_reset	32	static
ripemd160.c:486:6:ripemd160_hmac	256	static
ripemd160.c:591:5:ripemd160_self_test	80	static
