md.h:222:29:md_get_size	8	static
rsa.c:56:6:rsa_init	32	static
rsa.c:72:6:rsa_set_padding	8	static
rsa.c:83:5:rsa_gen_key	112	static
rsa.c:158:5:rsa_check_pubkey	32	static
rsa.c:181:5:rsa_check_privkey	192	static
rsa.c:243:5:rsa_check_pub_priv	32	static
rsa.c:263:5:rsa_public	80	static
rsa.c:301:12:rsa_prepare_blinding	64	static
rsa.c:352:5:rsa_private	112	static
rsa.c:460:13:mgf_mask	128	static
rsa.c:503:5:rsa_rsaes_oaep_encrypt	80	static
rsa.c:579:5:rsa_rsaes_pkcs1_v15_encrypt	80	static
rsa.c:644:5:rsa_pkcs1_encrypt	64	static
rsa.c:674:5:rsa_rsaes_oaep_decrypt	1184	static
rsa.c:789:5:rsa_rsaes_pkcs1_v15_decrypt	1104	static
rsa.c:873:5:rsa_pkcs1_decrypt	64	static
rsa.c:905:5:rsa_rsassa_pss_sign	160	static
rsa.c:1008:5:rsa_rsassa_pkcs1_v15_sign	80	static
rsa.c:1091:5:rsa_pkcs1_sign	48	static
rsa.c:1123:5:rsa_rsassa_pss_verify_ext	1184	static
rsa.c:1245:5:rsa_rsassa_pss_verify	80	static
rsa.c:1270:5:rsa_rsassa_pkcs1_v15_verify	1120	static
rsa.c:1387:5:rsa_pkcs1_verify	48	static
rsa.c:1418:5:rsa_copy	48	static
rsa.c:1455:6:rsa_free	32	static
rsa.c:1527:12:myrand	32	static
rsa.c:1551:5:rsa_self_test	448	static
