pk.h:281:22:pk_get_len	32	static
ssl.h:1954:27:ssl_own_key	8	static
ssl.h:1981:19:safer_memcmp	24	static
ssl_srv.c:53:13:polarssl_zeroize	24	static
ssl_srv.c:65:12:ssl_save_session	48	static
ssl_srv.c:109:12:ssl_load_session	48	static
ssl_srv.c:180:12:ssl_write_ticket	112	static
ssl_srv.c:251:12:ssl_parse_ticket	256	static
ssl_srv.c:356:12:ssl_sni_wrapper	48	static
ssl_srv.c:371:12:ssl_parse_servername_ext	64	static
ssl_srv.c:425:12:ssl_parse_renegotiation_info	64	static
ssl_srv.c:469:12:ssl_parse_signature_algorithms_ext	64	static
ssl_srv.c:516:12:ssl_parse_supported_elliptic_curves	80	static
ssl_srv.c:570:12:ssl_parse_supported_point_formats	64	static
ssl_srv.c:604:12:ssl_parse_max_fragment_length_ext	48	static
ssl_srv.c:621:12:ssl_parse_truncated_hmac_ext	48	static
ssl_srv.c:641:12:ssl_parse_encrypt_then_mac_ext	48	static
ssl_srv.c:664:12:ssl_parse_extended_ms_ext	48	static
ssl_srv.c:687:12:ssl_parse_session_ticket_ext	64	static
ssl_srv.c:733:12:ssl_parse_alpn_ext	64	static
ssl_srv.c:805:12:ssl_check_key_curve	24	static
ssl_srv.c:826:12:ssl_pick_cert	64	static
ssl_srv.c:922:12:ssl_ciphersuite_match	64	static
ssl_srv.c:995:12:ssl_parse_client_hello_v2	96	static
ssl_srv.c:1266:12:ssl_parse_client_hello	128	static
ssl_srv.c:1812:13:ssl_write_truncated_hmac_ext	64	static
ssl_srv.c:1837:13:ssl_write_encrypt_then_mac_ext	64	static
ssl_srv.c:1880:13:ssl_write_extended_ms_ext	64	static
ssl_srv.c:1907:13:ssl_write_session_ticket_ext	64	static
ssl_srv.c:1931:13:ssl_write_renegotiation_ext	64	static
ssl_srv.c:1974:13:ssl_write_max_fragment_length_ext	64	static
ssl_srv.c:2001:13:ssl_write_supported_point_formats_ext	64	static
ssl_srv.c:2031:13:ssl_write_alpn_ext	48	static
ssl_srv.c:2066:12:ssl_write_server_hello	80	static
ssl_srv.c:2293:12:ssl_write_certificate_request	96	static
ssl_srv.c:2441:12:ssl_get_ecdh_params_from_cert	64	static
ssl_srv.c:2464:12:ssl_write_server_key_exchange	624	static
ssl_srv.c:2813:12:ssl_write_server_hello_done	64	static
ssl_srv.c:2838:12:ssl_parse_client_dh_public	64	static
ssl_srv.c:2879:12:ssl_parse_encrypted_pms	192	static
ssl_srv.c:2966:12:ssl_parse_client_psk_identity	64	static
ssl_srv.c:3033:12:ssl_parse_client_key_exchange	96	static
ssl_srv.c:3300:12:ssl_parse_certificate_verify	128	static
ssl_srv.c:3455:12:ssl_write_new_session_ticket	64	static
ssl_srv.c:3514:5:ssl_handshake_server_step	64	static
