ssl.h:1954:27:ssl_own_key	8	static
ssl.h:1960:25:ssl_own_cert	8	static
ssl.h:1981:19:safer_memcmp	24	static
ssl_cli.c:57:13:polarssl_zeroize	24	static
ssl_cli.c:63:13:ssl_write_hostname_ext	64	static
ssl_cli.c:115:13:ssl_write_renegotiation_ext	64	static
ssl_cli.c:149:13:ssl_write_signature_algorithms_ext	64	static
ssl_cli.c:246:13:ssl_write_supported_elliptic_curves_ext	64	static
ssl_cli.c:292:13:ssl_write_supported_point_formats_ext	64	static
ssl_cli.c:317:13:ssl_write_max_fragment_length_ext	64	static
ssl_cli.c:343:13:ssl_write_truncated_hmac_ext	64	static
ssl_cli.c:367:13:ssl_write_encrypt_then_mac_ext	64	static
ssl_cli.c:393:13:ssl_write_extended_ms_ext	64	static
ssl_cli.c:419:13:ssl_write_session_ticket_ext	64	static
ssl_cli.c:456:13:ssl_write_alpn_ext	64	static
ssl_cli.c:503:12:ssl_write_client_hello	96	static
ssl_cli.c:789:12:ssl_parse_renegotiation_info	64	static
ssl_cli.c:834:12:ssl_parse_max_fragment_length_ext	8	static
ssl_cli.c:854:12:ssl_parse_truncated_hmac_ext	8	static
ssl_cli.c:873:12:ssl_parse_encrypt_then_mac_ext	8	static
ssl_cli.c:893:12:ssl_parse_extended_ms_ext	8	static
ssl_cli.c:913:12:ssl_parse_session_ticket_ext	8	static
ssl_cli.c:932:12:ssl_parse_supported_point_formats_ext	64	static
ssl_cli.c:967:12:ssl_parse_alpn_ext	48	static
ssl_cli.c:1014:12:ssl_parse_server_hello	112	static
ssl_cli.c:1428:12:ssl_parse_server_dh_params	64	static
ssl_cli.c:1469:12:ssl_check_server_ecdh_params	64	static
ssl_cli.c:1503:12:ssl_parse_server_ecdh_params	64	static
ssl_cli.c:1537:12:ssl_parse_server_psk_hint	64	static
ssl_cli.c:1573:12:ssl_write_encrypted_pms	80	static
ssl_cli.c:1638:12:ssl_parse_signature_algorithm	48	static
ssl_cli.c:1691:12:ssl_get_ecdh_params_from_cert	64	static
ssl_cli.c:1723:12:ssl_parse_server_key_exchange	592	static
ssl_cli.c:2061:12:ssl_parse_certificate_request	96	static
ssl_cli.c:2211:12:ssl_parse_server_hello_done	64	static
ssl_cli.c:2247:12:ssl_write_client_key_exchange	96	static
ssl_cli.c:2491:12:ssl_write_certificate_verify	144	static
ssl_cli.c:2643:12:ssl_parse_new_session_ticket	64	static
ssl_cli.c:2741:5:ssl_handshake_client_step	64	static
