md.h:222:29:md_get_size	8	static
md.h:237:25:md_get_type	8	static
cipher.h:398:29:cipher_get_cipher_mode	8	static
ssl.h:1960:25:ssl_own_cert	8	static
ssl.h:1981:19:safer_memcmp	24	static
ssl_tls.c:62:13:polarssl_zeroize	24	static
ssl_tls.c:85:12:ssl_session_copy	48	static
ssl_tls.c:144:12:ssl3_prf	512	static
ssl_tls.c:194:12:tls1_prf	224	static
ssl_tls.c:258:12:tls_prf_sha256	224	static
ssl_tls.c:300:12:tls_prf_sha384	240	static
ssl_tls.c:373:5:ssl_derive_keys	496	static
ssl_tls.c:828:6:ssl_calc_verify_ssl	608	static
ssl_tls.c:874:6:ssl_calc_verify_tls	512	static
ssl_tls.c:899:6:ssl_calc_verify_tls_sha256	304	static
ssl_tls.c:918:6:ssl_calc_verify_tls_sha384	544	static
ssl_tls.c:938:5:ssl_psk_derive_premaster	80	static
ssl_tls.c:1043:13:ssl_mac	112	static
ssl_tls.c:1090:12:ssl_encrypt_buf	192	static
ssl_tls.c:1426:12:ssl_decrypt_buf	272	static
ssl_tls.c:2007:5:ssl_fetch_input	64	static
ssl_tls.c:2046:5:ssl_flush_output	64	static
ssl_tls.c:2077:5:ssl_write_record	64	static
ssl_tls.c:2167:5:ssl_read_record	64	static
ssl_tls.c:2435:5:ssl_send_fatal_handshake_failure	48	static
ssl_tls.c:2449:5:ssl_send_alert_message	80	static
ssl_tls.c:2521:5:ssl_write_certificate	80	static
ssl_tls.c:2636:5:ssl_parse_certificate	96	static
ssl_tls.c:2884:5:ssl_write_change_cipher_spec	64	static
ssl_tls.c:2907:5:ssl_parse_change_cipher_spec	64	static
ssl_tls.c:2938:6:ssl_optimize_checksum	48	static
ssl_tls.c:2967:13:ssl_update_checksum_start	32	static
ssl_tls.c:2987:13:ssl_update_checksum_md5sha1	32	static
ssl_tls.c:2997:13:ssl_update_checksum_sha256	32	static
ssl_tls.c:3005:13:ssl_update_checksum_sha384	32	static
ssl_tls.c:3014:13:ssl_calc_finished_ssl	592	static
ssl_tls.c:3096:13:ssl_calc_finished_tls	560	static
ssl_tls.c:3153:13:ssl_calc_finished_tls_sha256	352	static
ssl_tls.c:3200:13:ssl_calc_finished_tls_sha384	608	static
ssl_tls.c:3247:6:ssl_handshake_wrapup	64	static
ssl_tls.c:3309:5:ssl_write_finished	64	static
ssl_tls.c:3389:5:ssl_parse_finished	96	static
ssl_tls.c:3482:13:ssl_handshake_params_init	32	static
ssl_tls.c:3515:13:ssl_transform_init	32	static
ssl_tls.c:3526:6:ssl_session_init	32	static
ssl_tls.c:3531:12:ssl_handshake_init	48	static
ssl_tls.c:3596:5:ssl_init	64	static
ssl_tls.c:3686:5:ssl_session_reset	48	static
ssl_tls.c:3765:13:ssl_ticket_keys_free	32	static
ssl_tls.c:3776:12:ssl_ticket_keys_init	64	static
ssl_tls.c:3824:6:ssl_set_endpoint	8	static
ssl_tls.c:3840:6:ssl_set_authmode	8	static
ssl_tls.c:3846:6:ssl_set_verify	8	static
ssl_tls.c:3855:6:ssl_set_rng	8	static
ssl_tls.c:3863:6:ssl_set_dbg	8	static
ssl_tls.c:3871:6:ssl_set_bio	8	static
ssl_tls.c:3882:6:ssl_set_session_cache	8	static
ssl_tls.c:3894:5:ssl_set_session	48	static
ssl_tls.c:3915:6:ssl_set_ciphersuites	8	static
ssl_tls.c:3923:6:ssl_set_ciphersuites_for_version	8	static
ssl_tls.c:3938:22:ssl_add_key_cert	48	static
ssl_tls.c:3966:6:ssl_set_ca_chain	8	static
ssl_tls.c:3974:5:ssl_set_own_cert	48	static
ssl_tls.c:3989:5:ssl_set_own_cert_rsa	48	static
ssl_tls.c:4018:5:ssl_set_own_cert_alt	64	static
ssl_tls.c:4048:5:ssl_set_psk	32	static
ssl_tls.c:4079:6:ssl_set_psk_cb	8	static
ssl_tls.c:4090:5:ssl_set_dh_param	64	static
ssl_tls.c:4109:5:ssl_set_dh_param_ctx	64	static
ssl_tls.c:4140:5:ssl_set_hostname	32	static
ssl_tls.c:4163:6:ssl_set_sni	8	static
ssl_tls.c:4174:5:ssl_set_alpn_protocols	48	static
ssl_tls.c:4198:13:ssl_get_alpn_protocol	8	static
ssl_tls.c:4204:6:ssl_set_max_version	8	static
ssl_tls.c:4214:6:ssl_set_min_version	8	static
ssl_tls.c:4225:6:ssl_set_fallback	12	static
ssl_tls.c:4232:6:ssl_set_encrypt_then_mac	12	static
ssl_tls.c:4239:6:ssl_set_extended_master_secret	12	static
ssl_tls.c:4245:6:ssl_set_arc4_support	12	static
ssl_tls.c:4251:5:ssl_set_max_frag_len	12	static
ssl_tls.c:4266:5:ssl_set_truncated_hmac	8	static
ssl_tls.c:4275:6:ssl_set_cbc_record_splitting	12	static
ssl_tls.c:4281:6:ssl_legacy_renegotiation	8	static
ssl_tls.c:4287:6:ssl_set_renegotiation	8	static
ssl_tls.c:4292:6:ssl_set_renegotiation_enforced	8	static
ssl_tls.c:4297:6:ssl_set_renegotiation_period	32	static
ssl_tls.c:4305:5:ssl_set_session_tickets	32	static
ssl_tls.c:4323:6:ssl_set_session_ticket_lifetime	8	static
ssl_tls.c:4332:8:ssl_get_bytes_avail	8	static
ssl_tls.c:4337:5:ssl_get_verify_result	8	static
ssl_tls.c:4348:13:ssl_get_ciphersuite	32	static
ssl_tls.c:4356:13:ssl_get_version	8	static
ssl_tls.c:4379:17:ssl_get_peer_cert	8	static
ssl_tls.c:4389:5:ssl_get_session	32	static
ssl_tls.c:4406:5:ssl_handshake_step	48	static
ssl_tls.c:4425:5:ssl_handshake	64	static
ssl_tls.c:4449:12:ssl_write_hello_request	64	static
ssl_tls.c:4480:12:ssl_start_renegotiation	64	static
ssl_tls.c:4507:5:ssl_renegotiate	64	static
ssl_tls.c:4560:12:ssl_check_ctr_renegotiate	48	static
ssl_tls.c:4584:5:ssl_read	64	static
ssl_tls.c:4766:12:ssl_write_real	64	static
ssl_tls.c:4846:5:ssl_write	48	static
ssl_tls.c:4877:5:ssl_close_notify	64	static
ssl_tls.c:4902:6:ssl_transform_free	32	static
ssl_tls.c:4922:13:ssl_key_cert_free	48	static
ssl_tls.c:4942:6:ssl_handshake_free	48	static
ssl_tls.c:4981:6:ssl_session_free	32	static
ssl_tls.c:5004:6:ssl_free	48	static
ssl_tls.c:5110:15:ssl_sig_from_pk	32	static
ssl_tls.c:5123:11:ssl_pk_alg_from_sig	12	static
ssl_tls.c:5144:11:ssl_md_alg_from_hash	12	static
ssl_tls.c:5191:5:ssl_check_cert_usage	48	static
