x509_crt.c:77:13:polarssl_zeroize	24	static
x509_crt.c:84:12:x509_get_version	48	static
x509_crt.c:120:12:x509_get_dates	48	static
x509_crt.c:150:12:x509_get_uid	48	static
x509_crt.c:176:12:x509_get_basic_constraints	48	static
x509_crt.c:226:12:x509_get_ns_cert_type	48	static
x509_crt.c:245:12:x509_get_key_usage	48	static
x509_crt.c:269:12:x509_get_ext_key_usage	48	static
x509_crt.c:312:12:x509_get_subject_alt_name	64	static
x509_crt.c:394:12:x509_get_crt_ext	80	static
x509_crt.c:536:12:x509_crt_parse_der_core	96	static
x509_crt.c:787:5:x509_crt_parse_der	48	static
x509_crt.c:838:5:x509_crt_parse	96	static
x509_crt.c:944:5:x509_crt_parse_file	48	static
x509_crt.c:965:5:x509_crt_parse_path	1440	static
x509_crt.c:1127:12:x509_info_subject_alt_name	40	static
x509_crt.c:1176:12:x509_info_cert_type	64	static
x509_crt.c:1203:12:x509_info_key_usage	64	static
x509_crt.c:1225:12:x509_info_ext_key_usage	80	static
x509_crt.c:1259:5:x509_crt_info	128	static
x509_crt.c:1384:5:x509_crt_check_key_usage	8	static
x509_crt.c:1395:5:x509_crt_check_extended_key_usage	48	static
x509_crt.c:1430:5:x509_crt_revoked	48	static
x509_crt.c:1452:12:x509_crt_verifycrl	160	static
x509_crt.c:1540:12:x509_memcasecmp	24	static
x509_crt.c:1570:12:x509_wildcard_verify	48	static
x509_crt.c:1605:12:x509_string_cmp	32	static
x509_crt.c:1635:12:x509_name_cmp	32	static
x509_crt.c:1674:12:x509_crt_check_parent	48	static
x509_crt.c:1713:12:x509_crt_verify_top	160	static
x509_crt.c:1827:12:x509_crt_verify_child	160	static
x509_crt.c:1916:5:x509_crt_verify	80	static
x509_crt.c:2014:6:x509_crt_init	32	static
x509_crt.c:2022:6:x509_crt_free	64	static
