x509.c:77:5:x509_get_serial	48	static
x509.c:108:5:x509_get_alg_null	48	static
x509.c:122:5:x509_get_alg	48	static
x509.c:143:12:x509_get_hash_alg	64	static
x509.c:202:5:x509_get_rsassa_pss_params	80	static
x509.c:345:12:x509_get_attr_type_value	48	static
x509.c:418:5:x509_get_name	48	static
x509.c:480:5:x509_get_time	144	static
x509.c:544:5:x509_get_sig	48	static
x509.c:569:5:x509_get_sig_alg	48	static
x509.c:618:5:x509_get_ext	48	static
x509.c:711:5:x509_dn_gets	320	static
x509.c:773:5:x509_serial_gets	80	static
x509.c:807:5:x509_sig_alg_gets	80	static
x509.c:852:5:x509_key_size_helper	48	static
x509.c:870:13:x509_oid_get_description	48	static
x509.c:884:5:x509_oid_get_numeric_string	32	static
x509.c:894:13:x509_get_current_time	48	static
x509.c:926:12:x509_check_time	8	static
x509.c:964:5:x509_time_expired	64	static
x509.c:973:5:x509_time_future	64	static
x509.c:1005:5:x509_self_test	704	static
