x509write_crt.c:47:13:polarssl_zeroize	24	static
x509write_crt.c:51:6:x509write_crt_init	32	static
x509write_crt.c:59:6:x509write_crt_free	32	static
x509write_crt.c:70:6:x509write_crt_set_version	8	static
x509write_crt.c:75:6:x509write_crt_set_md_alg	8	static
x509write_crt.c:80:6:x509write_crt_set_subject_key	8	static
x509write_crt.c:85:6:x509write_crt_set_issuer_key	8	static
x509write_crt.c:90:5:x509write_crt_set_subject_name	32	static
x509write_crt.c:96:5:x509write_crt_set_issuer_name	32	static
x509write_crt.c:102:5:x509write_crt_set_serial	48	static
x509write_crt.c:112:5:x509write_crt_set_validity	32	static
x509write_crt.c:128:5:x509write_crt_set_extension	48	static
x509write_crt.c:137:5:x509write_crt_set_basic_constraints	80	static
x509write_crt.c:169:5:x509write_crt_set_subject_key_identifier	2128	static
x509write_crt.c:191:5:x509write_crt_set_authority_key_identifier	2128	static
x509write_crt.c:218:5:x509write_crt_set_key_usage	80	static
x509write_crt.c:238:5:x509write_crt_set_ns_cert_type	80	static
x509write_crt.c:259:12:x509_write_time	48	static
x509write_crt.c:288:5:x509write_crt_der	3232	static
x509write_crt.c:424:5:x509write_crt_pem	4160	static
