x509write_csr.c:48:13:polarssl_zeroize	24	static
x509write_csr.c:52:6:x509write_csr_init	32	static
x509write_csr.c:57:6:x509write_csr_free	32	static
x509write_csr.c:65:6:x509write_csr_set_md_alg	8	static
x509write_csr.c:70:6:x509write_csr_set_key	8	static
x509write_csr.c:75:5:x509write_csr_set_subject_name	32	static
x509write_csr.c:81:5:x509write_csr_set_extension	48	static
x509write_csr.c:89:5:x509write_csr_set_key_usage	80	static
x509write_csr.c:109:5:x509write_csr_set_ns_cert_type	80	static
x509write_csr.c:130:5:x509write_csr_der	3232	static
x509write_csr.c:232:5:x509write_csr_pem	4160	static
